configs/eval/l20_eval_code_8k.yaml: OK
configs/eval/l20_eval_general_edu_8k.yaml: OK
configs/eval/l20_eval_math_8k.yaml: OK
configs/eval/l20_eval_textbook_8k.yaml: OK
configs/fineweb_recovery/deep_cosine_s20260906.yaml: OK
configs/fineweb_recovery/deep_cosine_s20260907.yaml: OK
configs/fineweb_recovery/deep_cosine_s20260908.yaml: OK
configs/fineweb_recovery/deep_wsd_s20260906.yaml: OK
configs/fineweb_recovery/deep_wsd_s20260907.yaml: OK
configs/fineweb_recovery/deep_wsd_s20260908.yaml: OK
configs/fineweb_recovery/wide_cosine_s20260906.yaml: OK
configs/fineweb_recovery/wide_cosine_s20260907.yaml: OK
configs/fineweb_recovery/wide_cosine_s20260908.yaml: OK
configs/fineweb_recovery/wide_wsd_s20260906.yaml: OK
configs/fineweb_recovery/wide_wsd_s20260907.yaml: OK
configs/fineweb_recovery/wide_wsd_s20260908.yaml: OK
configs/l20_120m.yaml: OK
configs/l20_135m_deepthin.yaml: OK
configs/l20_135m_fineweb_1b.yaml: OK
configs/l20_135m_fineweb_pilot_50m.yaml: OK
configs/l20_135m_fineweb_wsd_1b.yaml: OK
configs/l20_135m_fineweb_wsd_pilot_50m.yaml: OK
configs/l20_135m_gpu_smoke.yaml: OK
configs/l20_135m_gpu_smoke_resume.yaml: OK
configs/l20_140m_wide_fineweb_1b.yaml: OK
configs/l20_140m_wide_fineweb_pilot_50m.yaml: OK
configs/l20_140m_wide_fineweb_wsd_1b.yaml: OK
configs/l20_140m_wide_fineweb_wsd_pilot_50m.yaml: OK
configs/l20_350m.yaml: OK
configs/l20_edu_135m_benchmark_4k.yaml: OK
configs/l20_edu_135m_continue_1b.yaml: OK
configs/l20_edu_135m_continue_smoke.yaml: OK
configs/l20_edu_135m_gsm8k_cot_warmup.yaml: OK
configs/l20_edu_135m_hq_longctx_8k.yaml: OK
configs/l20_edu_135m_hq_longctx_8k_smoke.yaml: OK
configs/l20_edu_135m_sft.yaml: OK
configs/l20_edu_135m_sft_1k_long.yaml: OK
configs/l20_edu_135m_sft_20k_mixed.yaml: OK
configs/l20_edu_135m_sft_6k_quality.yaml: OK
configs/l20_edu_135m_sft_6k_quality_lr5e6_offline.yaml: OK
configs/l20_edu_135m_sft_6k_quality_offline.yaml: OK
configs/l20_edu_135m_sft_behavior_patch_offline.yaml: OK
configs/l20_edu_135m_sft_behavior_repair_current.yaml: OK
configs/l20_edu_135m_sft_tulu3_anti_forgetting.yaml: OK
configs/l20_edu_135m_stage2_math_code_textbook_8k.yaml: OK
configs/l20_edu_135m_stage2_math_code_textbook_replay_8k.yaml: OK
configs/l20_edu_135m_stage2_replay_polish_8k.yaml: OK
configs/l20_edu_135m_stage3_current_shard_8k.yaml: OK
configs/l20_edu_135m_stage3_dclm_edu_replay_8k.yaml: OK
configs/l20_edu_135m_stage3_dclm_edu_replay_8k_safe.yaml: OK
configs/l20_edu_135m_stage4_hq_crossdedup_8k.yaml: OK
configs/l20_edu_135m_stage4_sft_anti_forgetting.yaml: OK
configs/l20_edu_135m_stage4_smoke.yaml: OK
configs/l20_edu_135m_ultra_quality_sft.yaml: OK
configs/l20_wide_140m_baseline.yaml: OK
configs/mixtures/eval/l20_eval_code.yaml: OK
configs/mixtures/eval/l20_eval_math.yaml: OK
configs/mixtures/eval/l20_eval_textbook.yaml: OK
configs/mixtures/l20_stage2_math_code_textbook.yaml: OK
configs/mixtures/l20_stage2_math_code_textbook_replay.yaml: OK
configs/mixtures/l20_stage3_dclm_edu_replay.yaml: OK
configs/mixtures/l20_stage4_hq_crossdedup.yaml: OK
configs/mixtures/l20_stage4_hq_crossdedup_smoke.yaml: OK
configs/pretraining_autopilot.yaml: OK
configs/smoke.yaml: OK
configs/sota_eval.yaml: OK
protocols/fineweb_memory_matched_recovery.md: OK
scripts/activate_nvidia_user_driver.sh: OK
scripts/benchmark_l20_speed_variants.sh: OK
scripts/benchmark_train_variants.py: OK
scripts/build_benchmark_contamination_index.py: OK
scripts/build_model_card.py: OK
scripts/build_stage4_release_card.py: OK
scripts/check_contamination.py: OK
scripts/check_pretrain_configs.py: OK
scripts/check_repo_hygiene.py: OK
scripts/check_sota_readiness.py: OK
scripts/check_stage4_data_gate.py: OK
scripts/compare_lm_eval.py: OK
scripts/create_synthetic_smoke_shards.py: OK
scripts/estimate_tokens.py: OK
scripts/eval_gsm8k_exact.py: OK
scripts/eval_l20_domain_ppl_8k.sh: OK
scripts/eval_lm_harness.sh: OK
scripts/eval_openllm_leaderboard.sh: OK
scripts/eval_public_baselines.sh: OK
scripts/eval_sft_sanity.py: OK
scripts/eval_smollm_benchmark.sh: OK
scripts/eval_stage2_sota.sh: OK
scripts/interpolate_checkpoints.py: OK
scripts/model_report.py: OK
scripts/plot_training_curves.py: OK
scripts/prepare_behavior_sft_data.py: OK
scripts/prepare_fineweb_recovery.py: OK
scripts/prepare_gsm8k_cot_sft_data.py: OK
scripts/prepare_gsm8k_rlvr_data.py: OK
scripts/prepare_l20_edu_hq_8k.sh: OK
scripts/prepare_l20_eval_domains_8k.sh: OK
scripts/prepare_l20_stage2_math_code_textbook_8k.sh: OK
scripts/prepare_l20_stage2_math_code_textbook_replay_8k.sh: OK
scripts/prepare_l20_stage3_dclm_edu_replay_8k.sh: OK
scripts/prepare_l20_stage4_hq_crossdedup_8k.sh: OK
scripts/prepare_sft_anti_forgetting_mix.py: OK
scripts/prepare_sft_data.py: OK
scripts/prepare_v2_fineweb_1b.sh: OK
scripts/prepare_v2_fineweb_pilot.sh: OK
scripts/probe_fineweb_memory.py: OK
scripts/publish_release_to_hf.py: OK
scripts/push_to_hf.py: OK
scripts/run_behavior_repair_current.sh: OK
scripts/run_full_sota_pipeline.sh: OK
scripts/run_gsm8k_cot_warmup_then_rlvr.sh: OK
scripts/run_pretraining_autopilot.sh: OK
scripts/run_rlvr_gsm8k_135m.sh: OK
scripts/run_sft_6k_quality_pipeline.sh: OK
scripts/run_stage3_dclm_edu_replay_after_polish.sh: OK
scripts/run_stage4_full_autopilot.sh: OK
scripts/run_stage4_prepare_after_current_train.sh: OK
scripts/run_ultra_cpt_then_sft.sh: OK
scripts/sample_training_text.py: OK
scripts/select_best_pretrain_checkpoint.py: OK
scripts/setup_eval_env.sh: OK
scripts/setup_flash_attention_l20.sh: OK
scripts/setup_liger_kernel.sh: OK
scripts/slurm_135m_fineweb_pilot.sh: OK
scripts/slurm_135m_fineweb_wsd_pilot.sh: OK
scripts/slurm_135m_gpu_resume_equivalence.sh: OK
scripts/slurm_135m_gpu_smoke.sh: OK
scripts/slurm_140m_wide_fineweb_pilot.sh: OK
scripts/slurm_140m_wide_fineweb_wsd_pilot.sh: OK
scripts/slurm_fineweb_1b_factorial.sh: OK
scripts/slurm_fineweb_recovery_probe.sh: OK
scripts/slurm_gpu_probe.sh: OK
scripts/slurm_pilot_six_task_eval.sh: OK
scripts/slurm_runtime_probe.sh: OK
scripts/sota_gate.py: OK
scripts/stage4_preflight.py: OK
scripts/start_remote_pretraining_autopilot.sh: OK
scripts/summarize_matched_pilots.py: OK
scripts/summarize_rlvr_gsm8k_results.py: OK
scripts/summarize_smollm_benchmark.py: OK
scripts/train_l20_120m.sh: OK
scripts/train_l20_135m_deepthin.sh: OK
scripts/train_l20_350m.sh: OK
scripts/train_l20_edu_135m_continue_1b.sh: OK
scripts/train_l20_edu_135m_sft.sh: OK
scripts/train_l20_edu_hq_longctx_8k.sh: OK
scripts/train_l20_stage2_math_code_textbook_8k.sh: OK
scripts/train_l20_stage2_math_code_textbook_replay_8k.sh: OK
scripts/train_rlvr_gsm8k_grpo.py: OK
scripts/verify_fineweb_1b_result.py: OK
scripts/verify_shard_manifest.py: OK
scripts/watch_and_submit_fineweb_1b.sh: OK
scripts/watch_stage4_full_autopilot.sh: OK
src/l20_pretrain/__init__.py: OK
src/l20_pretrain/config.py: OK
src/l20_pretrain/contamination.py: OK
src/l20_pretrain/data.py: OK
src/l20_pretrain/data_guard.py: OK
src/l20_pretrain/env.py: OK
src/l20_pretrain/eval_ppl.py: OK
src/l20_pretrain/eval_results.py: OK
src/l20_pretrain/generate.py: OK
src/l20_pretrain/modeling.py: OK
src/l20_pretrain/prepare_mixture_shards.py: OK
src/l20_pretrain/prepare_shards.py: OK
src/l20_pretrain/provenance.py: OK
src/l20_pretrain/quality.py: OK
src/l20_pretrain/rlvr_rewards.py: OK
src/l20_pretrain/sft_data.py: OK
src/l20_pretrain/smoke_shards.py: OK
src/l20_pretrain/train.py: OK
src/l20_pretrain/train_sft.py: OK
data/v2_fineweb_1b: verified; train_tokens=1,000,000,750; val_tokens=4,194,596; hashes=True
{"step": 1, "loss": 10.942889899015427, "grad_norm": 4.198028087615967}
{"step": 2, "loss": 10.95426458120346, "grad_norm": 4.238602161407471}
{"step": 3, "loss": 10.92648234963417, "grad_norm": 4.479556083679199}
{"status": "PASS", "scope": "memory_and_optimizer_smoke_not_quality_or_speed", "config": "configs/fineweb_recovery/wide_cosine_s20260906.yaml", "config_sha256": "47896c325dca4a4be57a1a3a947955246ae8aa400d392bc35a9d44f8126d86a5", "gpu": "NVIDIA GeForce RTX 4090", "parameters": 141576960, "seed": 20260906, "tokens_per_step": 159744, "steps": [{"step": 1, "loss": 10.942889899015427, "grad_norm": 4.198028087615967}, {"step": 2, "loss": 10.95426458120346, "grad_norm": 4.238602161407471}, {"step": 3, "loss": 10.92648234963417, "grad_norm": 4.479556083679199}], "sampled_parameters_changed": true, "validation_smoke_loss": 10.9100341796875, "validation_smoke_batches": 1, "peak_allocated_bytes": 7440237056, "peak_reserved_bytes": 8038383616, "total_device_bytes": 25250627584, "torch_version": "2.11.0+cu128"}
